2025-06-17 00:37:48 [ERROR]: 400 - Please provide a valid email address, Password must be at least 8 characters long, First name is required, Last name is required - /api/auth/register - POST - ::1 
2025-06-17 00:38:11 [ERROR]: 400 - First name is required, Last name is required - /api/auth/register - POST - ::1 
2025-06-17 00:39:01 [ERROR]: Failed to send email getaddrinfo ENOTFOUND smtp.example.com Error: getaddrinfo ENOTFOUND smtp.example.com
    at GetAddrInfoReqWrap.onlookupall [as oncomplete] (node:dns:122:26)
2025-06-17 00:48:41 [ERROR]: Failed to send email getaddrinfo ENOTFOUND smtp.example.com Error: getaddrinfo ENOTFOUND smtp.example.com
    at GetAddrInfoReqWrap.onlookupall [as oncomplete] (node:dns:122:26)
2025-06-17 01:20:10 [ERROR]: Failed to send email getaddrinfo ENOTFOUND smtp.example.com Error: getaddrinfo ENOTFOUND smtp.example.com
    at GetAddrInfoReqWrap.onlookupall [as oncomplete] (node:dns:122:26)
2025-06-17 01:34:58 [ERROR]: 400 - User already exists with this email - /api/auth/register - POST - ::1 
2025-06-17 01:35:00 [ERROR]: 400 - User already exists with this email - /api/auth/register - POST - ::1 
2025-06-17 01:35:12 [ERROR]: Failed to send email getaddrinfo ENOTFOUND smtp.example.com Error: getaddrinfo ENOTFOUND smtp.example.com
    at GetAddrInfoReqWrap.onlookupall [as oncomplete] (node:dns:122:26)
2025-06-17 01:35:18 [ERROR]: 400 - User already exists with this email - /api/auth/register - POST - ::1 
2025-06-17 01:35:21 [ERROR]: Failed to send email getaddrinfo ENOTFOUND smtp.example.com Error: getaddrinfo ENOTFOUND smtp.example.com
    at GetAddrInfoReqWrap.onlookupall [as oncomplete] (node:dns:122:26)
2025-06-17 01:36:37 [ERROR]: Failed to send email getaddrinfo ENOTFOUND smtp.example.com Error: getaddrinfo ENOTFOUND smtp.example.com
    at GetAddrInfoReqWrap.onlookupall [as oncomplete] (node:dns:122:26)
2025-06-17 01:36:48 [ERROR]: Failed to send email getaddrinfo ENOTFOUND smtp.example.com Error: getaddrinfo ENOTFOUND smtp.example.com
    at GetAddrInfoReqWrap.onlookupall [as oncomplete] (node:dns:122:26)
2025-06-17 01:38:03 [ERROR]: Failed to send email getaddrinfo ENOTFOUND smtp.example.com Error: getaddrinfo ENOTFOUND smtp.example.com
    at GetAddrInfoReqWrap.onlookupall [as oncomplete] (node:dns:122:26)
2025-06-17 01:39:03 [ERROR]: Failed to send email getaddrinfo ENOTFOUND smtp.example.com Error: getaddrinfo ENOTFOUND smtp.example.com
    at GetAddrInfoReqWrap.onlookupall [as oncomplete] (node:dns:122:26)
2025-06-17 01:40:34 [ERROR]: Failed to send email getaddrinfo ENOTFOUND smtp.example.com Error: getaddrinfo ENOTFOUND smtp.example.com
    at GetAddrInfoReqWrap.onlookupall [as oncomplete] (node:dns:122:26)
2025-06-17 01:40:38 [ERROR]: 400 - User already exists with this email - /api/auth/register - POST - ::1 
2025-06-17 01:40:44 [ERROR]: Failed to send email getaddrinfo ENOTFOUND smtp.example.com Error: getaddrinfo ENOTFOUND smtp.example.com
    at GetAddrInfoReqWrap.onlookupall [as oncomplete] (node:dns:122:26)
2025-06-17 01:41:59 [ERROR]: Failed to send email getaddrinfo ENOTFOUND smtp.example.com Error: getaddrinfo ENOTFOUND smtp.example.com
    at GetAddrInfoReqWrap.onlookupall [as oncomplete] (node:dns:122:26)
2025-06-17 01:44:07 [ERROR]: Failed to send email getaddrinfo ENOTFOUND smtp.example.com Error: getaddrinfo ENOTFOUND smtp.example.com
    at GetAddrInfoReqWrap.onlookupall [as oncomplete] (node:dns:122:26)
2025-06-17 01:45:24 [ERROR]: Failed to send email getaddrinfo ENOTFOUND smtp.example.com Error: getaddrinfo ENOTFOUND smtp.example.com
    at GetAddrInfoReqWrap.onlookupall [as oncomplete] (node:dns:122:26)
2025-06-17 01:45:26 [ERROR]: 400 - User already exists with this email - /api/auth/register - POST - ::1 
2025-06-17 01:45:27 [ERROR]: 400 - User already exists with this email - /api/auth/register - POST - ::1 
2025-06-17 02:13:15 [ERROR]: 400 - Please provide a valid email address - /api/auth/register - POST - ::1 
2025-06-17 02:13:25 [ERROR]: Failed to send email getaddrinfo ENOTFOUND smtp.example.com Error: getaddrinfo ENOTFOUND smtp.example.com
    at GetAddrInfoReqWrap.onlookupall [as oncomplete] (node:dns:122:26)
2025-06-17 02:15:23 [ERROR]: Failed to send email getaddrinfo ENOTFOUND smtp.example.com Error: getaddrinfo ENOTFOUND smtp.example.com
    at GetAddrInfoReqWrap.onlookupall [as oncomplete] (node:dns:122:26)
2025-06-17 02:17:25 [ERROR]: Failed to send email getaddrinfo ENOTFOUND smtp.example.com Error: getaddrinfo ENOTFOUND smtp.example.com
    at GetAddrInfoReqWrap.onlookupall [as oncomplete] (node:dns:122:26)
2025-06-17 02:19:23 [ERROR]: Failed to send email getaddrinfo ENOTFOUND smtp.example.com Error: getaddrinfo ENOTFOUND smtp.example.com
    at GetAddrInfoReqWrap.onlookupall [as oncomplete] (node:dns:122:26)
2025-06-17 02:22:24 [ERROR]: 400 - User already exists with this email - /api/auth/register - POST - ::1 
2025-06-17 02:22:28 [ERROR]: Failed to send email getaddrinfo ENOTFOUND smtp.example.com Error: getaddrinfo ENOTFOUND smtp.example.com
    at GetAddrInfoReqWrap.onlookupall [as oncomplete] (node:dns:122:26)
2025-06-17 02:59:08 [ERROR]: Failed to send email getaddrinfo ENOTFOUND smtp.example.com Error: getaddrinfo ENOTFOUND smtp.example.com
    at GetAddrInfoReqWrap.onlookupall [as oncomplete] (node:dns:122:26)
2025-06-17 04:06:21 [ERROR]: Failed to send email getaddrinfo ENOTFOUND smtp.example.com Error: getaddrinfo ENOTFOUND smtp.example.com
    at GetAddrInfoReqWrap.onlookupall [as oncomplete] (node:dns:122:26)
2025-06-18 00:13:42 [ERROR]: Failed to send email getaddrinfo ENOTFOUND smtp.example.com Error: getaddrinfo ENOTFOUND smtp.example.com
    at GetAddrInfoReqWrap.onlookupall [as oncomplete] (node:dns:122:26)
2025-06-18 00:26:32 [ERROR]: 401 - Invalid email or password - /api/auth/login - POST - ::1 
2025-06-18 00:27:46 [ERROR]: Failed to send email getaddrinfo ENOTFOUND smtp.example.com Error: getaddrinfo ENOTFOUND smtp.example.com
    at GetAddrInfoReqWrap.onlookupall [as oncomplete] (node:dns:122:26)
2025-06-18 01:05:51 [ERROR]: 401 - Invalid email or password - /api/auth/login - POST - ::1 
2025-06-21 20:08:55 [ERROR]: Failed to send email getaddrinfo ENOTFOUND smtp.example.com Error: getaddrinfo ENOTFOUND smtp.example.com
    at GetAddrInfoReqWrap.onlookupall [as oncomplete] (node:dns:122:26)
2025-06-21 20:11:49 [ERROR]: Failed to send email getaddrinfo ENOTFOUND smtp.example.com Error: getaddrinfo ENOTFOUND smtp.example.com
    at GetAddrInfoReqWrap.onlookupall [as oncomplete] (node:dns:122:26)
2025-06-21 20:14:47 [ERROR]: Failed to send email getaddrinfo ENOTFOUND smtp.example.com Error: getaddrinfo ENOTFOUND smtp.example.com
    at GetAddrInfoReqWrap.onlookupall [as oncomplete] (node:dns:122:26)
2025-06-21 20:20:15 [ERROR]: Failed to send email getaddrinfo ENOTFOUND smtp.example.com Error: getaddrinfo ENOTFOUND smtp.example.com
    at GetAddrInfoReqWrap.onlookupall [as oncomplete] (node:dns:122:26)
2025-06-21 20:24:41 [ERROR]: Failed to send email getaddrinfo ENOTFOUND smtp.example.com Error: getaddrinfo ENOTFOUND smtp.example.com
    at GetAddrInfoReqWrap.onlookupall [as oncomplete] (node:dns:122:26)
2025-06-21 20:39:19 [ERROR]: Registration error: User validation failed: username: Path `username` is required. ValidationError: User validation failed: username: Path `username` is required.
    at model.Document.invalidate (/Users/samuelprasad/Desktop/refer/refer-be/node_modules/mongoose/lib/document.js:3352:32)
    at /Users/samuelprasad/Desktop/refer/refer-be/node_modules/mongoose/lib/document.js:3113:17
    at /Users/samuelprasad/Desktop/refer/refer-be/node_modules/mongoose/lib/schemaType.js:1407:9
    at processTicksAndRejections (node:internal/process/task_queues:85:11)
2025-06-21 20:39:19 [ERROR]: 500 - Internal Server Error - /api/auth/register - POST - ::1 
2025-06-21 20:39:27 [ERROR]: Registration error: User validation failed: username: Path `username` is required. ValidationError: User validation failed: username: Path `username` is required.
    at model.Document.invalidate (/Users/samuelprasad/Desktop/refer/refer-be/node_modules/mongoose/lib/document.js:3352:32)
    at /Users/samuelprasad/Desktop/refer/refer-be/node_modules/mongoose/lib/document.js:3113:17
    at /Users/samuelprasad/Desktop/refer/refer-be/node_modules/mongoose/lib/schemaType.js:1407:9
    at processTicksAndRejections (node:internal/process/task_queues:85:11)
2025-06-21 20:39:27 [ERROR]: 500 - Internal Server Error - /api/auth/register - POST - ::1 
2025-06-21 20:43:38 [ERROR]: Registration error: User validation failed: username: Path `username` is required. ValidationError: User validation failed: username: Path `username` is required.
    at model.Document.invalidate (/Users/samuelprasad/Desktop/refer/refer-be/node_modules/mongoose/lib/document.js:3352:32)
    at /Users/samuelprasad/Desktop/refer/refer-be/node_modules/mongoose/lib/document.js:3113:17
    at /Users/samuelprasad/Desktop/refer/refer-be/node_modules/mongoose/lib/schemaType.js:1407:9
    at processTicksAndRejections (node:internal/process/task_queues:85:11)
2025-06-21 20:43:38 [ERROR]: 500 - Internal Server Error - /api/auth/register - POST - ::1 
2025-06-21 20:43:54 [ERROR]: Registration error: User validation failed: username: Path `username` is required. ValidationError: User validation failed: username: Path `username` is required.
    at model.Document.invalidate (/Users/samuelprasad/Desktop/refer/refer-be/node_modules/mongoose/lib/document.js:3352:32)
    at /Users/samuelprasad/Desktop/refer/refer-be/node_modules/mongoose/lib/document.js:3113:17
    at /Users/samuelprasad/Desktop/refer/refer-be/node_modules/mongoose/lib/schemaType.js:1407:9
    at processTicksAndRejections (node:internal/process/task_queues:85:11)
2025-06-21 20:43:54 [ERROR]: 500 - Internal Server Error - /api/auth/register - POST - ::1 
2025-06-21 20:43:57 [ERROR]: Registration error: User validation failed: username: Path `username` is required. ValidationError: User validation failed: username: Path `username` is required.
    at model.Document.invalidate (/Users/samuelprasad/Desktop/refer/refer-be/node_modules/mongoose/lib/document.js:3352:32)
    at /Users/samuelprasad/Desktop/refer/refer-be/node_modules/mongoose/lib/document.js:3113:17
    at /Users/samuelprasad/Desktop/refer/refer-be/node_modules/mongoose/lib/schemaType.js:1407:9
    at processTicksAndRejections (node:internal/process/task_queues:85:11)
2025-06-21 20:43:57 [ERROR]: 500 - Internal Server Error - /api/auth/register - POST - ::1 
2025-06-21 20:45:01 [ERROR]: Registration error: User validation failed: username: Path `username` is required. ValidationError: User validation failed: username: Path `username` is required.
    at model.Document.invalidate (/Users/samuelprasad/Desktop/refer/refer-be/node_modules/mongoose/lib/document.js:3352:32)
    at /Users/samuelprasad/Desktop/refer/refer-be/node_modules/mongoose/lib/document.js:3113:17
    at /Users/samuelprasad/Desktop/refer/refer-be/node_modules/mongoose/lib/schemaType.js:1407:9
    at processTicksAndRejections (node:internal/process/task_queues:85:11)
2025-06-21 20:45:01 [ERROR]: 500 - Internal Server Error - /api/auth/register - POST - ::1 
2025-06-21 20:47:09 [ERROR]: Failed to send email getaddrinfo ENOTFOUND smtp.example.com Error: getaddrinfo ENOTFOUND smtp.example.com
    at GetAddrInfoReqWrap.onlookupall [as oncomplete] (node:dns:122:26)
2025-06-21 21:32:50 [ERROR]: 401 - Invalid email or password - /api/auth/login - POST - ::1 
2025-06-21 21:32:56 [ERROR]: Failed to send email getaddrinfo ENOTFOUND smtp.example.com Error: getaddrinfo ENOTFOUND smtp.example.com
    at GetAddrInfoReqWrap.onlookupall [as oncomplete] (node:dns:122:26)
2025-06-21 21:43:36 [ERROR]: 401 - Invalid email or password - /api/auth/login - POST - ::1 
2025-06-21 21:43:40 [ERROR]: Failed to send email getaddrinfo ENOTFOUND smtp.example.com Error: getaddrinfo ENOTFOUND smtp.example.com
    at GetAddrInfoReqWrap.onlookupall [as oncomplete] (node:dns:122:26)
2025-06-21 21:51:13 [ERROR]: 404 - User not found - /api/profiles/me - GET - ::1 
2025-06-21 21:51:25 [ERROR]: Failed to send email getaddrinfo ENOTFOUND smtp.example.com Error: getaddrinfo ENOTFOUND smtp.example.com
    at GetAddrInfoReqWrap.onlookupall [as oncomplete] (node:dns:122:26)
2025-06-21 21:56:55 [ERROR]: 401 - Invalid email or password - /api/auth/login - POST - ::1 
2025-06-21 21:56:59 [ERROR]: Failed to send email getaddrinfo ENOTFOUND smtp.example.com Error: getaddrinfo ENOTFOUND smtp.example.com
    at GetAddrInfoReqWrap.onlookupall [as oncomplete] (node:dns:122:26)
2025-06-22 00:05:57 [ERROR]: 401 - Not authorized to access this route - /api/profiles/me - GET - ::1 
2025-06-23 01:45:43 [ERROR]: 404 - User not found - /api/notifications - GET - ::ffff:192.168.31.5 
2025-06-23 01:46:41 [ERROR]: 404 - User not found - /api/notifications - GET - ::ffff:192.168.31.5 
2025-06-23 01:53:07 [ERROR]: 404 - User not found - /api/notifications - GET - ::ffff:192.168.31.5 
2025-06-23 01:55:43 [ERROR]: 404 - User not found - /api/notifications - GET - ::ffff:192.168.31.5 
2025-06-23 01:55:57 [ERROR]: 404 - User not found - /api/notifications - GET - ::ffff:192.168.31.5 
2025-06-23 02:08:16 [ERROR]: 404 - User not found - /api/notifications - GET - ::ffff:192.168.31.5 
2025-06-23 02:15:04 [ERROR]: 404 - User not found - /api/notifications - GET - ::ffff:192.168.31.5 
